---
source: crates/nanoc-parser/src/test.rs
expression: try_it(source)
---
COMP_UNIT@0..100
  NEWLINE@0..1 "\n"
  WHITESPACE@1..5 "    "
  FUNC_DEF@5..95
    FUNC_TYPE@5..9
      VOID_KW@5..9 "void"
    NAME@9..14
      WHITESPACE@9..10 " "
      IDENT@10..14 "test"
    L_PAREN@14..15 "("
    R_PAREN@15..16 ")"
    BLOCK@16..95
      WHITESPACE@16..17 " "
      L_BRACE@17..18 "{"
      WHILE_STMT@18..89
        NEWLINE@18..19 "\n"
        WHITESPACE@19..27 "        "
        WHILE_KW@27..32 "while"
        WHITESPACE@32..33 " "
        L_PAREN@33..34 "("
        LITERAL@34..35
          INT_LITERAL@34..35 "1"
        R_PAREN@35..36 ")"
        BLOCK@36..89
          WHITESPACE@36..37 " "
          L_BRACE@37..38 "{"
          BREAK_STMT@38..57
            NEWLINE@38..39 "\n"
            WHITESPACE@39..51 "            "
            BREAK_KW@51..56 "break"
            SEMI@56..57 ";"
          CONTINUE_STMT@57..79
            NEWLINE@57..58 "\n"
            WHITESPACE@58..70 "            "
            CONTINUE_KW@70..78 "continue"
            SEMI@78..79 ";"
          NEWLINE@79..80 "\n"
          WHITESPACE@80..88 "        "
          R_BRACE@88..89 "}"
      NEWLINE@89..90 "\n"
      WHITESPACE@90..94 "    "
      R_BRACE@94..95 "}"
  NEWLINE@95..96 "\n"
  WHITESPACE@96..100 "    "
