---
source: crates/nanoc-parser/src/test.rs
expression: try_it(source)
---
COMP_UNIT@0..168
  NEWLINE@0..1 "\n"
  WHITESPACE@1..5 "    "
  CONST_DECL@5..25
    CONST_KW@5..10 "const"
    TYPE@10..14
      WHITESPACE@10..11 " "
      INT_KW@11..14 "int"
    CONST_DEF@14..24
      CONST_INDEX_VAL@14..18
        NAME@14..18
          WHITESPACE@14..15 " "
          IDENT@15..18 "MAX"
      WHITESPACE@18..19 " "
      EQ@19..20 "="
      CONST_INIT_VAL@20..24
        CONST_EXPR@20..24
          LITERAL@20..24
            WHITESPACE@20..21 " "
            INT_LITERAL@21..24 "100"
    SEMI@24..25 ";"
  NEWLINE@25..26 "\n"
  WHITESPACE@26..30 "    "
  VAR_DECL@30..45
    TYPE@30..42
      STRUCT_KW@30..36 "struct"
      NAME@36..42
        WHITESPACE@36..37 " "
        IDENT@37..42 "Point"
    VAR_DEF@42..44
      CONST_INDEX_VAL@42..44
        NAME@42..44
          WHITESPACE@42..43 " "
          IDENT@43..44 "p"
    SEMI@44..45 ";"
  NEWLINE@45..46 "\n"
  WHITESPACE@46..50 "    "
  NEWLINE@50..51 "\n"
  WHITESPACE@51..55 "    "
  FUNC_DEF@55..163
    FUNC_TYPE@55..58
      TYPE@55..58
        INT_KW@55..58 "int"
    NAME@58..63
      WHITESPACE@58..59 " "
      IDENT@59..63 "main"
    L_PAREN@63..64 "("
    FUNC_F_PARAMS@64..85
      FUNC_F_PARAM@64..72
        TYPE@64..67
          INT_KW@64..67 "int"
        NAME@67..72
          WHITESPACE@67..68 " "
          IDENT@68..72 "argc"
      COMMA@72..73 ","
      FUNC_F_PARAM@73..85
        TYPE@73..77
          WHITESPACE@73..74 " "
          INT_KW@74..77 "int"
        POINTER@77..79
          WHITESPACE@77..78 " "
          STAR@78..79 "*"
        NAME@79..83
          IDENT@79..83 "argv"
        L_BRACK@83..84 "["
        R_BRACK@84..85 "]"
    R_PAREN@85..86 ")"
    BLOCK@86..163
      WHITESPACE@86..87 " "
      L_BRACE@87..88 "{"
      VAR_DECL@88..107
        TYPE@88..100
          NEWLINE@88..89 "\n"
          WHITESPACE@89..97 "        "
          INT_KW@97..100 "int"
        VAR_DEF@100..106
          CONST_INDEX_VAL@100..102
            NAME@100..102
              WHITESPACE@100..101 " "
              IDENT@101..102 "a"
          WHITESPACE@102..103 " "
          EQ@103..104 "="
          INIT_VAL@104..106
            LITERAL@104..106
              WHITESPACE@104..105 " "
              INT_LITERAL@105..106 "1"
        SEMI@106..107 ";"
      VAR_DECL@107..130
        TYPE@107..119
          NEWLINE@107..108 "\n"
          WHITESPACE@108..116 "        "
          INT_KW@116..119 "int"
        VAR_DEF@119..129
          POINTER@119..121
            WHITESPACE@119..120 " "
            STAR@120..121 "*"
          CONST_INDEX_VAL@121..124
            NAME@121..124
              IDENT@121..124 "ptr"
          WHITESPACE@124..125 " "
          EQ@125..126 "="
          INIT_VAL@126..129
            UNARY_EXPR@126..129
              UNARY_OP@126..128
                WHITESPACE@126..127 " "
                AMP@127..128 "&"
              INDEX_VAL@128..129
                NAME@128..129
                  IDENT@128..129 "a"
        SEMI@129..130 ";"
      CONST_DECL@130..157
        NEWLINE@130..131 "\n"
        WHITESPACE@131..139 "        "
        CONST_KW@139..144 "const"
        TYPE@144..148
          WHITESPACE@144..145 " "
          INT_KW@145..148 "int"
        CONST_DEF@148..156
          CONST_INDEX_VAL@148..150
            NAME@148..150
              WHITESPACE@148..149 " "
              IDENT@149..150 "b"
          WHITESPACE@150..151 " "
          EQ@151..152 "="
          CONST_INIT_VAL@152..156
            CONST_EXPR@152..156
              INDEX_VAL@152..156
                NAME@152..156
                  WHITESPACE@152..153 " "
                  IDENT@153..156 "MAX"
        SEMI@156..157 ";"
      NEWLINE@157..158 "\n"
      WHITESPACE@158..162 "    "
      R_BRACE@162..163 "}"
  NEWLINE@163..164 "\n"
  WHITESPACE@164..168 "    "
