---
source: crates/nanoc-parser/src/test.rs
expression: try_it(source)
---
ROOT@0..400
  NEWLINE@0..1 "\n"
  WHITESPACE@1..5 "    "
  FUNC_DEF@5..395
    FUNC_TYPE@5..9
      VOID_KW@5..9 "void"
    NAME@9..14
      WHITESPACE@9..10 " "
      IDENT@10..14 "test"
    L_PAREN@14..15 "("
    R_PAREN@15..16 ")"
    BLOCK@16..395
      WHITESPACE@16..17 " "
      L_BRACE@17..18 "{"
      STMT@18..65
        IF_STMT@18..65
          NEWLINE@18..19 "\n"
          WHITESPACE@19..27 "        "
          IF_KW@27..29 "if"
          WHITESPACE@29..30 " "
          L_PAREN@30..31 "("
          EXPR@31..32
            LVAL@31..32
              NAME@31..32
                IDENT@31..32 "a"
          R_PAREN@32..33 ")"
          STMT@33..65
            BLOCK@33..65
              WHITESPACE@33..34 " "
              L_BRACE@34..35 "{"
              STMT@35..55
                RETURN_STMT@35..55
                  NEWLINE@35..36 "\n"
                  WHITESPACE@36..48 "            "
                  RETURN_KW@48..54 "return"
                  SEMI@54..55 ";"
              NEWLINE@55..56 "\n"
              WHITESPACE@56..64 "        "
              R_BRACE@64..65 "}"
      STMT@65..103
        IF_STMT@65..103
          NEWLINE@65..66 "\n"
          WHITESPACE@66..74 "        "
          IF_KW@74..76 "if"
          WHITESPACE@76..77 " "
          L_PAREN@77..78 "("
          EXPR@78..79
            LVAL@78..79
              NAME@78..79
                IDENT@78..79 "a"
          R_PAREN@79..80 ")"
          STMT@80..88
            RETURN_STMT@80..88
              WHITESPACE@80..81 " "
              RETURN_KW@81..87 "return"
              SEMI@87..88 ";"
          WHITESPACE@88..89 " "
          ELSE_KW@89..93 "else"
          STMT@93..103
            RETURN_STMT@93..103
              WHITESPACE@93..94 " "
              RETURN_KW@94..100 "return"
              EXPR@100..102
                LITERAL@100..102
                  WHITESPACE@100..101 " "
                  INT_LITERAL@101..102 "1"
              SEMI@102..103 ";"
      STMT@103..183
        WHILE_STMT@103..183
          NEWLINE@103..104 "\n"
          WHITESPACE@104..112 "        "
          NEWLINE@112..113 "\n"
          WHITESPACE@113..121 "        "
          WHILE_KW@121..126 "while"
          WHITESPACE@126..127 " "
          L_PAREN@127..128 "("
          EXPR@128..129
            LITERAL@128..129
              INT_LITERAL@128..129 "1"
          R_PAREN@129..130 ")"
          STMT@130..183
            BLOCK@130..183
              WHITESPACE@130..131 " "
              L_BRACE@131..132 "{"
              STMT@132..151
                BREAK_STMT@132..151
                  NEWLINE@132..133 "\n"
                  WHITESPACE@133..145 "            "
                  BREAK_KW@145..150 "break"
                  SEMI@150..151 ";"
              STMT@151..173
                CONTINUE_STMT@151..173
                  NEWLINE@151..152 "\n"
                  WHITESPACE@152..164 "            "
                  CONTINUE_KW@164..172 "continue"
                  SEMI@172..173 ";"
              NEWLINE@173..174 "\n"
              WHITESPACE@174..182 "        "
              R_BRACE@182..183 "}"
      STMT@183..208
        RETURN_STMT@183..208
          NEWLINE@183..184 "\n"
          WHITESPACE@184..192 "        "
          NEWLINE@192..193 "\n"
          WHITESPACE@193..201 "        "
          RETURN_KW@201..207 "return"
          SEMI@207..208 ";"
      STMT@208..226
        RETURN_STMT@208..226
          NEWLINE@208..209 "\n"
          WHITESPACE@209..217 "        "
          RETURN_KW@217..223 "return"
          EXPR@223..225
            LITERAL@223..225
              WHITESPACE@223..224 " "
              INT_LITERAL@224..225 "1"
          SEMI@225..226 ";"
      STMT@226..279
        BLOCK@226..279
          NEWLINE@226..227 "\n"
          WHITESPACE@227..235 "        "
          NEWLINE@235..236 "\n"
          WHITESPACE@236..244 "        "
          L_BRACE@244..245 "{"
          VAR_DECL@245..269
            TYPE@245..261
              NEWLINE@245..246 "\n"
              WHITESPACE@246..258 "            "
              INT_KW@258..261 "int"
            VAR_DEF@261..268
              NAME@261..268
                WHITESPACE@261..262 " "
                IDENT@262..268 "nested"
            SEMI@268..269 ";"
          NEWLINE@269..270 "\n"
          WHITESPACE@270..278 "        "
          R_BRACE@278..279 "}"
      STMT@279..303
        ASSIGN_STMT@279..303
          EXPR@279..298
            LVAL@279..298
              NAME@279..298
                NEWLINE@279..280 "\n"
                WHITESPACE@280..288 "        "
                NEWLINE@288..289 "\n"
                WHITESPACE@289..297 "        "
                IDENT@297..298 "a"
          WHITESPACE@298..299 " "
          EQ@299..300 "="
          EXPR@300..302
            LITERAL@300..302
              WHITESPACE@300..301 " "
              INT_LITERAL@301..302 "1"
          SEMI@302..303 ";"
      STMT@303..319
        ASSIGN_STMT@303..319
          EXPR@303..314
            LVAL@303..314
              NEWLINE@303..304 "\n"
              WHITESPACE@304..312 "        "
              STAR@312..313 "*"
              LVAL@313..314
                NAME@313..314
                  IDENT@313..314 "p"
          WHITESPACE@314..315 " "
          EQ@315..316 "="
          EXPR@316..318
            LITERAL@316..318
              WHITESPACE@316..317 " "
              INT_LITERAL@317..318 "2"
          SEMI@318..319 ";"
      STMT@319..339
        ASSIGN_STMT@319..339
          EXPR@319..334
            LVAL@319..334
              NAME@319..331
                NEWLINE@319..320 "\n"
                WHITESPACE@320..328 "        "
                IDENT@328..331 "arr"
              L_BRACK@331..332 "["
              EXPR@332..333
                LITERAL@332..333
                  INT_LITERAL@332..333 "0"
              R_BRACK@333..334 "]"
          WHITESPACE@334..335 " "
          EQ@335..336 "="
          EXPR@336..338
            LITERAL@336..338
              WHITESPACE@336..337 " "
              INT_LITERAL@337..338 "3"
          SEMI@338..339 ";"
      STMT@339..364
        EXPR_STMT@339..364
          EXPR@339..363
            CALL_EXPR@339..363
              NAME@339..361
                NEWLINE@339..340 "\n"
                WHITESPACE@340..348 "        "
                NEWLINE@348..349 "\n"
                WHITESPACE@349..357 "        "
                IDENT@357..361 "func"
              L_PAREN@361..362 "("
              R_PAREN@362..363 ")"
          SEMI@363..364 ";"
      STMT@364..379
        EXPR_STMT@364..379
          EXPR@364..378
            BINARY_EXPR@364..378
              LVAL@364..374
                NAME@364..374
                  NEWLINE@364..365 "\n"
                  WHITESPACE@365..373 "        "
                  IDENT@373..374 "a"
              WHITESPACE@374..375 " "
              PLUS@375..376 "+"
              LVAL@376..378
                NAME@376..378
                  WHITESPACE@376..377 " "
                  IDENT@377..378 "b"
          SEMI@378..379 ";"
      STMT@379..389
        NEWLINE@379..380 "\n"
        WHITESPACE@380..388 "        "
        SEMI@388..389 ";"
      NEWLINE@389..390 "\n"
      WHITESPACE@390..394 "    "
      R_BRACE@394..395 "}"
  NEWLINE@395..396 "\n"
  WHITESPACE@396..400 "    "
