---
source: crates/parser/src/test.rs
expression: try_it(source)
---
COMP_UNIT@0..178
  NEWLINE@0..1 "\n"
  WHITESPACE@1..5 "    "
  COMMENT_BLOCK@5..25 "/* normal comment */"
  NEWLINE@25..26 "\n"
  WHITESPACE@26..30 "    "
  COMMENT_BLOCK@30..57 "/* comment with * ins ..."
  NEWLINE@57..58 "\n"
  WHITESPACE@58..62 "    "
  COMMENT_BLOCK@62..89 "/* comment with / ins ..."
  NEWLINE@89..90 "\n"
  WHITESPACE@90..94 "    "
  COMMENT_BLOCK@94..122 "/* comment with ** in ..."
  NEWLINE@122..123 "\n"
  WHITESPACE@123..127 "    "
  COMMENT_BLOCK@127..133 "/* **/"
  NEWLINE@133..134 "\n"
  WHITESPACE@134..138 "    "
  COMMENT_BLOCK@138..144 "/****/"
  NEWLINE@144..145 "\n"
  WHITESPACE@145..149 "    "
  COMMENT_BLOCK@149..153 "/**/"
  NEWLINE@153..154 "\n"
  WHITESPACE@154..158 "    "
  VAR_DEF@158..173
    LET_KW@158..161 "let"
    NAME@161..163
      WHITESPACE@161..162 " "
      IDENT@162..163 "a"
    COLON@163..164 ":"
    TYPE@164..168
      BASE_TYPE@164..168
        PRIMIT_TYPE@164..168
          WHITESPACE@164..165 " "
          INT_KW@165..168 "i32"
    WHITESPACE@168..169 " "
    EQ@169..170 "="
    INIT_VAL@170..172
      LITERAL@170..172
        WHITESPACE@170..171 " "
        INT_LITERAL@171..172 "1"
    SEMI@172..173 ";"
  NEWLINE@173..174 "\n"
  WHITESPACE@174..178 "    "
