---
source: crates/parser/src/test.rs
expression: try_it(source)
---
COMP_UNIT@0..63
  NEWLINE@0..1 "\n"
  WHITESPACE@1..5 "    "
  FUNC_DEF@5..58
    FUNC_TYPE@5..9
      VOID_KW@5..9 "void"
    NAME@9..14
      WHITESPACE@9..10 " "
      IDENT@10..14 "test"
    L_PAREN@14..15 "("
    R_PAREN@15..16 ")"
    BLOCK@16..58
      WHITESPACE@16..17 " "
      L_BRACE@17..18 "{"
      RETURN_STMT@18..34
        NEWLINE@18..19 "\n"
        WHITESPACE@19..27 "        "
        RETURN_KW@27..33 "return"
        SEMI@33..34 ";"
      RETURN_STMT@34..52
        NEWLINE@34..35 "\n"
        WHITESPACE@35..43 "        "
        RETURN_KW@43..49 "return"
        LITERAL@49..51
          WHITESPACE@49..50 " "
          INT_LITERAL@50..51 "1"
        SEMI@51..52 ";"
      NEWLINE@52..53 "\n"
      WHITESPACE@53..57 "    "
      R_BRACE@57..58 "}"
  NEWLINE@58..59 "\n"
  WHITESPACE@59..63 "    "
