---
source: crates/parser/src/test.rs
expression: try_it(source)
---
COMP_UNIT@0..221
  NEWLINE@0..1 "\n"
  WHITESPACE@1..5 "    "
  VAR_DEF@5..26
    LET_KW@5..8 "let"
    WHITESPACE@8..9 " "
    NAME@9..10
      IDENT@9..10 "A"
    COLON@10..11 ":"
    WHITESPACE@11..12 " "
    TYPE@12..21
      CONST_KW@12..17 "const"
      WHITESPACE@17..18 " "
      PRIMIT_TYPE@18..21
        I32_KW@18..21 "i32"
    WHITESPACE@21..22 " "
    EQ@22..23 "="
    INIT_VAL@23..25
      WHITESPACE@23..24 " "
      LITERAL@24..25
        INT_LITERAL@24..25 "1"
    SEMI@25..26 ";"
  NEWLINE@26..27 "\n"
  WHITESPACE@27..31 "    "
  VAR_DEF@31..52
    LET_KW@31..34 "let"
    WHITESPACE@34..35 " "
    NAME@35..36
      IDENT@35..36 "B"
    COLON@36..37 ":"
    WHITESPACE@37..38 " "
    TYPE@38..47
      CONST_KW@38..43 "const"
      WHITESPACE@43..44 " "
      PRIMIT_TYPE@44..47
        I32_KW@44..47 "i32"
    WHITESPACE@47..48 " "
    EQ@48..49 "="
    INIT_VAL@49..51
      WHITESPACE@49..50 " "
      LITERAL@50..51
        INT_LITERAL@50..51 "2"
    SEMI@51..52 ";"
  NEWLINE@52..53 "\n"
  WHITESPACE@53..57 "    "
  VAR_DEF@57..78
    LET_KW@57..60 "let"
    WHITESPACE@60..61 " "
    NAME@61..62
      IDENT@61..62 "C"
    COLON@62..63 ":"
    WHITESPACE@63..64 " "
    TYPE@64..73
      CONST_KW@64..69 "const"
      WHITESPACE@69..70 " "
      PRIMIT_TYPE@70..73
        I32_KW@70..73 "i32"
    WHITESPACE@73..74 " "
    EQ@74..75 "="
    INIT_VAL@75..77
      WHITESPACE@75..76 " "
      LITERAL@76..77
        INT_LITERAL@76..77 "3"
    SEMI@77..78 ";"
  NEWLINE@78..79 "\n"
  WHITESPACE@79..83 "    "
  VAR_DEF@83..94
    LET_KW@83..86 "let"
    WHITESPACE@86..87 " "
    NAME@87..88
      IDENT@87..88 "a"
    COLON@88..89 ":"
    WHITESPACE@89..90 " "
    TYPE@90..93
      PRIMIT_TYPE@90..93
        I32_KW@90..93 "i32"
    SEMI@93..94 ";"
  NEWLINE@94..95 "\n"
  WHITESPACE@95..99 "    "
  VAR_DEF@99..114
    LET_KW@99..102 "let"
    WHITESPACE@102..103 " "
    NAME@103..104
      IDENT@103..104 "b"
    COLON@104..105 ":"
    WHITESPACE@105..106 " "
    TYPE@106..109
      PRIMIT_TYPE@106..109
        I32_KW@106..109 "i32"
    WHITESPACE@109..110 " "
    EQ@110..111 "="
    INIT_VAL@111..113
      WHITESPACE@111..112 " "
      LITERAL@112..113
        INT_LITERAL@112..113 "1"
    SEMI@113..114 ";"
  NEWLINE@114..115 "\n"
  WHITESPACE@115..119 "    "
  VAR_DEF@119..142
    LET_KW@119..122 "let"
    WHITESPACE@122..123 " "
    NAME@123..124
      IDENT@123..124 "s"
    COLON@124..125 ":"
    WHITESPACE@125..126 " "
    TYPE@126..141
      PRIMIT_TYPE@126..141
        STRUCT_KW@126..132 "struct"
        WHITESPACE@132..133 " "
        NAME@133..141
          IDENT@133..141 "MyStruct"
    SEMI@141..142 ";"
  NEWLINE@142..143 "\n"
  WHITESPACE@143..147 "    "
  VAR_DEF@147..163
    LET_KW@147..150 "let"
    WHITESPACE@150..151 " "
    NAME@151..152
      IDENT@151..152 "p"
    COLON@152..153 ":"
    WHITESPACE@153..154 " "
    TYPE@154..162
      POINTER@154..158
        STAR@154..155 "*"
        MUT_KW@155..158 "mut"
      WHITESPACE@158..159 " "
      TYPE@159..162
        PRIMIT_TYPE@159..162
          I32_KW@159..162 "i32"
    SEMI@162..163 ";"
  NEWLINE@163..164 "\n"
  WHITESPACE@164..168 "    "
  VAR_DEF@168..187
    LET_KW@168..171 "let"
    WHITESPACE@171..172 " "
    NAME@172..175
      IDENT@172..175 "arr"
    COLON@175..176 ":"
    WHITESPACE@176..177 " "
    TYPE@177..186
      L_BRACK@177..178 "["
      TYPE@178..181
        PRIMIT_TYPE@178..181
          I32_KW@178..181 "i32"
      SEMI@181..182 ";"
      LITERAL@182..185
        WHITESPACE@182..183 " "
        INT_LITERAL@183..185 "10"
      R_BRACK@185..186 "]"
    SEMI@186..187 ";"
  NEWLINE@187..188 "\n"
  WHITESPACE@188..192 "    "
  VAR_DEF@192..216
    LET_KW@192..195 "let"
    WHITESPACE@195..196 " "
    NAME@196..200
      IDENT@196..200 "arr2"
    COLON@200..201 ":"
    WHITESPACE@201..202 " "
    TYPE@202..215
      L_BRACK@202..203 "["
      TYPE@203..211
        L_BRACK@203..204 "["
        TYPE@204..207
          PRIMIT_TYPE@204..207
            I32_KW@204..207 "i32"
        SEMI@207..208 ";"
        LITERAL@208..210
          WHITESPACE@208..209 " "
          INT_LITERAL@209..210 "3"
        R_BRACK@210..211 "]"
      SEMI@211..212 ";"
      LITERAL@212..214
        WHITESPACE@212..213 " "
        INT_LITERAL@213..214 "2"
      R_BRACK@214..215 "]"
    SEMI@215..216 ";"
  NEWLINE@216..217 "\n"
  WHITESPACE@217..221 "    "
