---
source: crates/parser/src/test.rs
expression: try_it(source)
---
COMP_UNIT@0..61
  NEWLINE@0..1 "\n"
  WHITESPACE@1..5 "    "
  FUNC_DEF@5..56
    FN_KW@5..7 "fn"
    NAME@7..12
      WHITESPACE@7..8 " "
      IDENT@8..12 "test"
    L_PAREN@12..13 "("
    R_PAREN@13..14 ")"
    BLOCK@14..56
      WHITESPACE@14..15 " "
      L_BRACE@15..16 "{"
      RETURN_STMT@16..32
        NEWLINE@16..17 "\n"
        WHITESPACE@17..25 "        "
        RETURN_KW@25..31 "return"
        SEMI@31..32 ";"
      RETURN_STMT@32..50
        NEWLINE@32..33 "\n"
        WHITESPACE@33..41 "        "
        RETURN_KW@41..47 "return"
        LITERAL@47..49
          WHITESPACE@47..48 " "
          INT_LITERAL@48..49 "1"
        SEMI@49..50 ";"
      NEWLINE@50..51 "\n"
      WHITESPACE@51..55 "    "
      R_BRACE@55..56 "}"
  NEWLINE@56..57 "\n"
  WHITESPACE@57..61 "    "
