---
source: crates/parser/src/test.rs
expression: try_it(source)
---
COMP_UNIT@0..112
  NEWLINE@0..1 "\n"
  WHITESPACE@1..5 "    "
  FUNC_DEF@5..107
    FUNC_SIGN@5..14
      FN_KW@5..7 "fn"
      WHITESPACE@7..8 " "
      NAME@8..12
        IDENT@8..12 "test"
      L_PAREN@12..13 "("
      R_PAREN@13..14 ")"
    BLOCK@14..107
      WHITESPACE@14..15 " "
      L_BRACE@15..16 "{"
      IF_STMT@16..63
        NEWLINE@16..17 "\n"
        WHITESPACE@17..25 "        "
        IF_KW@25..27 "if"
        WHITESPACE@27..28 " "
        L_PAREN@28..29 "("
        INDEX_VAL@29..30
          NAME@29..30
            IDENT@29..30 "a"
        R_PAREN@30..31 ")"
        BLOCK@31..63
          WHITESPACE@31..32 " "
          L_BRACE@32..33 "{"
          RETURN_STMT@33..53
            NEWLINE@33..34 "\n"
            WHITESPACE@34..46 "            "
            RETURN_KW@46..52 "return"
            SEMI@52..53 ";"
          NEWLINE@53..54 "\n"
          WHITESPACE@54..62 "        "
          R_BRACE@62..63 "}"
      IF_STMT@63..101
        NEWLINE@63..64 "\n"
        WHITESPACE@64..72 "        "
        IF_KW@72..74 "if"
        WHITESPACE@74..75 " "
        L_PAREN@75..76 "("
        INDEX_VAL@76..77
          NAME@76..77
            IDENT@76..77 "a"
        R_PAREN@77..78 ")"
        RETURN_STMT@78..86
          WHITESPACE@78..79 " "
          RETURN_KW@79..85 "return"
          SEMI@85..86 ";"
        WHITESPACE@86..87 " "
        ELSE_KW@87..91 "else"
        RETURN_STMT@91..101
          WHITESPACE@91..92 " "
          RETURN_KW@92..98 "return"
          LITERAL@98..100
            WHITESPACE@98..99 " "
            INT_LITERAL@99..100 "1"
          SEMI@100..101 ";"
      NEWLINE@101..102 "\n"
      WHITESPACE@102..106 "    "
      R_BRACE@106..107 "}"
  NEWLINE@107..108 "\n"
  WHITESPACE@108..112 "    "
