---
source: crates/parser/src/test.rs
expression: try_it(source1)
---
COMP_UNIT@0..31
  STRUCT_DEF@0..31
    STRUCT_KW@0..6 "struct"
    WHITESPACE@6..7 " "
    NAME@7..12
      IDENT@7..12 "Point"
    WHITESPACE@12..13 " "
    L_BRACE@13..14 "{"
    STRUCT_FIELD@14..21
      WHITESPACE@14..15 " "
      NAME@15..16
        IDENT@15..16 "x"
      COLON@16..17 ":"
      WHITESPACE@17..18 " "
      TYPE@18..21
        PRIMIT_TYPE@18..21
          I32_KW@18..21 "i32"
    COMMA@21..22 ","
    STRUCT_FIELD@22..29
      WHITESPACE@22..23 " "
      NAME@23..24
        IDENT@23..24 "y"
      COLON@24..25 ":"
      WHITESPACE@25..26 " "
      TYPE@26..29
        PRIMIT_TYPE@26..29
          I32_KW@26..29 "i32"
    WHITESPACE@29..30 " "
    R_BRACE@30..31 "}"
