---
source: crates/parser/src/test.rs
expression: try_it(source)
---
COMP_UNIT@0..68
  NEWLINE@0..1 "\n"
  WHITESPACE@1..5 "    "
  FUNC_DEF@5..63
    FUNC_SIGN@5..14
      FN_KW@5..7 "fn"
      WHITESPACE@7..8 " "
      NAME@8..12
        IDENT@8..12 "test"
      L_PAREN@12..13 "("
      R_PAREN@13..14 ")"
    BLOCK@14..63
      WHITESPACE@14..15 " "
      L_BRACE@15..16 "{"
      EXPR_STMT@16..32
        CALL_EXPR@16..31
          NEWLINE@16..17 "\n"
          WHITESPACE@17..25 "        "
          NAME@25..29
            IDENT@25..29 "func"
          L_PAREN@29..30 "("
          R_PAREN@30..31 ")"
        SEMI@31..32 ";"
      EXPR_STMT@32..47
        BINARY_EXPR@32..46
          INDEX_VAL@32..42
            NEWLINE@32..33 "\n"
            WHITESPACE@33..41 "        "
            NAME@41..42
              IDENT@41..42 "a"
          WHITESPACE@42..43 " "
          BINARY_OP@43..44
            PLUS@43..44 "+"
          INDEX_VAL@44..46
            WHITESPACE@44..45 " "
            NAME@45..46
              IDENT@45..46 "b"
        SEMI@46..47 ";"
      NEWLINE@47..48 "\n"
      WHITESPACE@48..56 "        "
      SEMI@56..57 ";"
      NEWLINE@57..58 "\n"
      WHITESPACE@58..62 "    "
      R_BRACE@62..63 "}"
  NEWLINE@63..64 "\n"
  WHITESPACE@64..68 "    "
