---
source: crates/parser/src/test.rs
expression: try_it(source)
---
COMP_UNIT@0..155
  NEWLINE@0..1 "\n"
  WHITESPACE@1..5 "    "
  FUNC_DEF@5..18
    FUNC_SIGN@5..15
      FN_KW@5..7 "fn"
      WHITESPACE@7..8 " "
      NAME@8..13
        IDENT@8..13 "func1"
      L_PAREN@13..14 "("
      R_PAREN@14..15 ")"
    BLOCK@15..18
      WHITESPACE@15..16 " "
      L_BRACE@16..17 "{"
      R_BRACE@17..18 "}"
  NEWLINE@18..19 "\n"
  WHITESPACE@19..23 "    "
  FUNC_DEF@23..49
    FUNC_SIGN@23..46
      FN_KW@23..25 "fn"
      WHITESPACE@25..26 " "
      NAME@26..31
        IDENT@26..31 "func2"
      L_PAREN@31..32 "("
      FUNC_F_PARAMS@32..38
        FUNC_F_PARAM@32..38
          NAME@32..33
            IDENT@32..33 "a"
          COLON@33..34 ":"
          WHITESPACE@34..35 " "
          TYPE@35..38
            PRIMIT_TYPE@35..38
              I32_KW@35..38 "i32"
      R_PAREN@38..39 ")"
      WHITESPACE@39..40 " "
      ARROW@40..42 "->"
      WHITESPACE@42..43 " "
      TYPE@43..46
        PRIMIT_TYPE@43..46
          I32_KW@43..46 "i32"
    BLOCK@46..49
      WHITESPACE@46..47 " "
      L_BRACE@47..48 "{"
      R_BRACE@48..49 "}"
  NEWLINE@49..50 "\n"
  WHITESPACE@50..54 "    "
  FUNC_DEF@54..88
    FUNC_SIGN@54..85
      FN_KW@54..56 "fn"
      WHITESPACE@56..57 " "
      NAME@57..62
        IDENT@57..62 "func3"
      L_PAREN@62..63 "("
      FUNC_F_PARAMS@63..77
        FUNC_F_PARAM@63..69
          NAME@63..64
            IDENT@63..64 "a"
          COLON@64..65 ":"
          WHITESPACE@65..66 " "
          TYPE@66..69
            PRIMIT_TYPE@66..69
              I32_KW@66..69 "i32"
        COMMA@69..70 ","
        FUNC_F_PARAM@70..77
          WHITESPACE@70..71 " "
          NAME@71..72
            IDENT@71..72 "b"
          COLON@72..73 ":"
          WHITESPACE@73..74 " "
          TYPE@74..77
            PRIMIT_TYPE@74..77
              I32_KW@74..77 "i32"
      R_PAREN@77..78 ")"
      WHITESPACE@78..79 " "
      ARROW@79..81 "->"
      WHITESPACE@81..82 " "
      TYPE@82..85
        PRIMIT_TYPE@82..85
          I32_KW@82..85 "i32"
    BLOCK@85..88
      WHITESPACE@85..86 " "
      L_BRACE@86..87 "{"
      R_BRACE@87..88 "}"
  NEWLINE@88..89 "\n"
  WHITESPACE@89..93 "    "
  FUNC_DEF@93..150
    FUNC_SIGN@93..147
      FN_KW@93..95 "fn"
      WHITESPACE@95..96 " "
      NAME@96..101
        IDENT@96..101 "func4"
      L_PAREN@101..102 "("
      FUNC_F_PARAMS@102..134
        FUNC_F_PARAM@102..113
          NAME@102..103
            IDENT@102..103 "p"
          COLON@103..104 ":"
          WHITESPACE@104..105 " "
          TYPE@105..113
            POINTER@105..109
              STAR@105..106 "*"
              MUT_KW@106..109 "mut"
            WHITESPACE@109..110 " "
            TYPE@110..113
              PRIMIT_TYPE@110..113
                I32_KW@110..113 "i32"
        COMMA@113..114 ","
        FUNC_F_PARAM@114..134
          WHITESPACE@114..115 " "
          NAME@115..118
            IDENT@115..118 "arr"
          COLON@118..119 ":"
          WHITESPACE@119..120 " "
          TYPE@120..134
            POINTER@120..124
              STAR@120..121 "*"
              MUT_KW@121..124 "mut"
            WHITESPACE@124..125 " "
            TYPE@125..134
              L_BRACK@125..126 "["
              TYPE@126..129
                PRIMIT_TYPE@126..129
                  I32_KW@126..129 "i32"
              SEMI@129..130 ";"
              LITERAL@130..133
                WHITESPACE@130..131 " "
                INT_LITERAL@131..133 "10"
              R_BRACK@133..134 "]"
      R_PAREN@134..135 ")"
      WHITESPACE@135..136 " "
      ARROW@136..138 "->"
      WHITESPACE@138..139 " "
      TYPE@139..147
        POINTER@139..143
          STAR@139..140 "*"
          MUT_KW@140..143 "mut"
        WHITESPACE@143..144 " "
        TYPE@144..147
          PRIMIT_TYPE@144..147
            I32_KW@144..147 "i32"
    BLOCK@147..150
      WHITESPACE@147..148 " "
      L_BRACE@148..149 "{"
      R_BRACE@149..150 "}"
  NEWLINE@150..151 "\n"
  WHITESPACE@151..155 "    "
