---
source: crates/parser/src/test.rs
expression: try_it(source)
---
COMP_UNIT@0..214
  NEWLINE@0..1 "\n"
  WHITESPACE@1..5 "    "
  VAR_DEF@5..30
    LET_KW@5..8 "let"
    WHITESPACE@8..9 " "
    NAME@9..12
      IDENT@9..12 "MAX"
    COLON@12..13 ":"
    WHITESPACE@13..14 " "
    TYPE@14..23
      CONST_KW@14..19 "const"
      WHITESPACE@19..20 " "
      PRIMIT_TYPE@20..23
        I32_KW@20..23 "i32"
    WHITESPACE@23..24 " "
    EQ@24..25 "="
    INIT_VAL@25..29
      WHITESPACE@25..26 " "
      LITERAL@26..29
        INT_LITERAL@26..29 "100"
    SEMI@29..30 ";"
  NEWLINE@30..31 "\n"
  WHITESPACE@31..35 "    "
  VAR_DEF@35..55
    LET_KW@35..38 "let"
    WHITESPACE@38..39 " "
    NAME@39..40
      IDENT@39..40 "p"
    COLON@40..41 ":"
    WHITESPACE@41..42 " "
    TYPE@42..54
      PRIMIT_TYPE@42..54
        STRUCT_KW@42..48 "struct"
        WHITESPACE@48..49 " "
        NAME@49..54
          IDENT@49..54 "Point"
    SEMI@54..55 ";"
  NEWLINE@55..56 "\n"
  NEWLINE@56..57 "\n"
  WHITESPACE@57..61 "    "
  FUNC_DEF@61..209
    FUNC_SIGN@61..113
      FN_KW@61..63 "fn"
      WHITESPACE@63..64 " "
      NAME@64..68
        IDENT@64..68 "main"
      L_PAREN@68..69 "("
      FUNC_F_PARAMS@69..105
        FUNC_F_PARAM@69..78
          NAME@69..73
            IDENT@69..73 "argc"
          COLON@73..74 ":"
          WHITESPACE@74..75 " "
          TYPE@75..78
            PRIMIT_TYPE@75..78
              I32_KW@75..78 "i32"
        COMMA@78..79 ","
        FUNC_F_PARAM@79..105
          WHITESPACE@79..80 " "
          NAME@80..84
            IDENT@80..84 "argv"
          COLON@84..85 ":"
          WHITESPACE@85..86 " "
          TYPE@86..105
            POINTER@86..90
              STAR@86..87 "*"
              MUT_KW@87..90 "mut"
            WHITESPACE@90..91 " "
            TYPE@91..105
              L_BRACK@91..92 "["
              TYPE@92..100
                POINTER@92..96
                  STAR@92..93 "*"
                  MUT_KW@93..96 "mut"
                WHITESPACE@96..97 " "
                TYPE@97..100
                  PRIMIT_TYPE@97..100
                    I32_KW@97..100 "i32"
              SEMI@100..101 ";"
              LITERAL@101..104
                WHITESPACE@101..102 " "
                INT_LITERAL@102..104 "10"
              R_BRACK@104..105 "]"
      R_PAREN@105..106 ")"
      WHITESPACE@106..107 " "
      ARROW@107..109 "->"
      WHITESPACE@109..110 " "
      TYPE@110..113
        PRIMIT_TYPE@110..113
          I32_KW@110..113 "i32"
    BLOCK@113..209
      WHITESPACE@113..114 " "
      L_BRACE@114..115 "{"
      VAR_DEF@115..139
        NEWLINE@115..116 "\n"
        WHITESPACE@116..124 "        "
        LET_KW@124..127 "let"
        WHITESPACE@127..128 " "
        NAME@128..129
          IDENT@128..129 "a"
        COLON@129..130 ":"
        WHITESPACE@130..131 " "
        TYPE@131..134
          PRIMIT_TYPE@131..134
            I32_KW@131..134 "i32"
        WHITESPACE@134..135 " "
        EQ@135..136 "="
        INIT_VAL@136..138
          WHITESPACE@136..137 " "
          LITERAL@137..138
            INT_LITERAL@137..138 "1"
        SEMI@138..139 ";"
      VAR_DEF@139..171
        NEWLINE@139..140 "\n"
        WHITESPACE@140..148 "        "
        LET_KW@148..151 "let"
        WHITESPACE@151..152 " "
        NAME@152..155
          IDENT@152..155 "ptr"
        COLON@155..156 ":"
        WHITESPACE@156..157 " "
        TYPE@157..165
          POINTER@157..161
            STAR@157..158 "*"
            MUT_KW@158..161 "mut"
          WHITESPACE@161..162 " "
          TYPE@162..165
            PRIMIT_TYPE@162..165
              I32_KW@162..165 "i32"
        WHITESPACE@165..166 " "
        EQ@166..167 "="
        INIT_VAL@167..170
          WHITESPACE@167..168 " "
          UNARY_EXPR@168..170
            UNARY_OP@168..169
              AMP@168..169 "&"
            INDEX_VAL@169..170
              NAME@169..170
                IDENT@169..170 "a"
        SEMI@170..171 ";"
      VAR_DEF@171..203
        NEWLINE@171..172 "\n"
        WHITESPACE@172..180 "        "
        LET_KW@180..183 "let"
        WHITESPACE@183..184 " "
        NAME@184..185
          IDENT@184..185 "b"
        COLON@185..186 ":"
        WHITESPACE@186..187 " "
        TYPE@187..196
          CONST_KW@187..192 "const"
          WHITESPACE@192..193 " "
          PRIMIT_TYPE@193..196
            I32_KW@193..196 "i32"
        WHITESPACE@196..197 " "
        EQ@197..198 "="
        INIT_VAL@198..202
          WHITESPACE@198..199 " "
          INDEX_VAL@199..202
            NAME@199..202
              IDENT@199..202 "MAX"
        SEMI@202..203 ";"
      NEWLINE@203..204 "\n"
      WHITESPACE@204..208 "    "
      R_BRACE@208..209 "}"
  NEWLINE@209..210 "\n"
  WHITESPACE@210..214 "    "
