---
source: crates/parser/src/test.rs
expression: try_it(source)
---
COMP_UNIT@0..182
  NEWLINE@0..1 "\n"
  WHITESPACE@1..5 "    "
  VAR_DEF@5..26
    LET_KW@5..8 "let"
    WHITESPACE@8..9 " "
    NAME@9..10
      IDENT@9..10 "x"
    COLON@10..11 ":"
    WHITESPACE@11..12 " "
    TYPE@12..15
      PRIMIT_TYPE@12..15
        I32_KW@12..15 "i32"
    WHITESPACE@15..16 " "
    EQ@16..17 "="
    INIT_VAL@17..25
      WHITESPACE@17..18 " "
      POSTFIX_EXPR@18..25
        INDEX_VAL@18..19
          NAME@18..19
            IDENT@18..19 "s"
        POSTFIX_OP@19..20
          DOT@19..20 "."
        FIELD_ACCESS@20..25
          NAME@20..25
            IDENT@20..25 "field"
    SEMI@25..26 ";"
  NEWLINE@26..27 "\n"
  WHITESPACE@27..31 "    "
  VAR_DEF@31..54
    LET_KW@31..34 "let"
    WHITESPACE@34..35 " "
    NAME@35..36
      IDENT@35..36 "y"
    COLON@36..37 ":"
    WHITESPACE@37..38 " "
    TYPE@38..41
      PRIMIT_TYPE@38..41
        I32_KW@38..41 "i32"
    WHITESPACE@41..42 " "
    EQ@42..43 "="
    INIT_VAL@43..53
      WHITESPACE@43..44 " "
      POSTFIX_EXPR@44..53
        INDEX_VAL@44..45
          NAME@44..45
            IDENT@44..45 "p"
        POSTFIX_OP@45..47
          ARROW@45..47 "->"
        FIELD_ACCESS@47..53
          NAME@47..53
            IDENT@47..53 "member"
    SEMI@53..54 ";"
  NEWLINE@54..55 "\n"
  WHITESPACE@55..59 "    "
  VAR_DEF@59..78
    LET_KW@59..62 "let"
    WHITESPACE@62..63 " "
    NAME@63..64
      IDENT@63..64 "z"
    COLON@64..65 ":"
    WHITESPACE@65..66 " "
    TYPE@66..69
      PRIMIT_TYPE@66..69
        I32_KW@66..69 "i32"
    WHITESPACE@69..70 " "
    EQ@70..71 "="
    INIT_VAL@71..77
      WHITESPACE@71..72 " "
      POSTFIX_EXPR@72..77
        POSTFIX_EXPR@72..75
          INDEX_VAL@72..73
            NAME@72..73
              IDENT@72..73 "s"
          POSTFIX_OP@73..74
            DOT@73..74 "."
          FIELD_ACCESS@74..75
            NAME@74..75
              IDENT@74..75 "a"
        POSTFIX_OP@75..76
          DOT@75..76 "."
        FIELD_ACCESS@76..77
          NAME@76..77
            IDENT@76..77 "b"
    SEMI@77..78 ";"
  NEWLINE@78..79 "\n"
  WHITESPACE@79..83 "    "
  VAR_DEF@83..104
    LET_KW@83..86 "let"
    WHITESPACE@86..87 " "
    NAME@87..88
      IDENT@87..88 "w"
    COLON@88..89 ":"
    WHITESPACE@89..90 " "
    TYPE@90..93
      PRIMIT_TYPE@90..93
        I32_KW@90..93 "i32"
    WHITESPACE@93..94 " "
    EQ@94..95 "="
    INIT_VAL@95..103
      WHITESPACE@95..96 " "
      POSTFIX_EXPR@96..103
        POSTFIX_EXPR@96..100
          INDEX_VAL@96..97
            NAME@96..97
              IDENT@96..97 "p"
          POSTFIX_OP@97..99
            ARROW@97..99 "->"
          FIELD_ACCESS@99..100
            NAME@99..100
              IDENT@99..100 "a"
        POSTFIX_OP@100..102
          ARROW@100..102 "->"
        FIELD_ACCESS@102..103
          NAME@102..103
            IDENT@102..103 "b"
    SEMI@103..104 ";"
  NEWLINE@104..105 "\n"
  WHITESPACE@105..109 "    "
  VAR_DEF@109..139
    LET_KW@109..112 "let"
    WHITESPACE@112..113 " "
    NAME@113..118
      IDENT@113..118 "mixed"
    COLON@118..119 ":"
    WHITESPACE@119..120 " "
    TYPE@120..123
      PRIMIT_TYPE@120..123
        I32_KW@120..123 "i32"
    WHITESPACE@123..124 " "
    EQ@124..125 "="
    INIT_VAL@125..138
      WHITESPACE@125..126 " "
      POSTFIX_EXPR@126..138
        INDEX_VAL@126..132
          NAME@126..129
            IDENT@126..129 "arr"
          L_BRACK@129..130 "["
          LITERAL@130..131
            INT_LITERAL@130..131 "0"
          R_BRACK@131..132 "]"
        POSTFIX_OP@132..133
          DOT@132..133 "."
        FIELD_ACCESS@133..138
          NAME@133..138
            IDENT@133..138 "field"
    SEMI@138..139 ";"
  NEWLINE@139..140 "\n"
  WHITESPACE@140..144 "    "
  VAR_DEF@144..177
    LET_KW@144..147 "let"
    WHITESPACE@147..148 " "
    NAME@148..155
      IDENT@148..155 "complex"
    COLON@155..156 ":"
    WHITESPACE@156..157 " "
    TYPE@157..160
      PRIMIT_TYPE@157..160
        I32_KW@157..160 "i32"
    WHITESPACE@160..161 " "
    EQ@161..162 "="
    INIT_VAL@162..176
      WHITESPACE@162..163 " "
      POSTFIX_EXPR@163..176
        CALL_EXPR@163..169
          NAME@163..167
            IDENT@163..167 "func"
          L_PAREN@167..168 "("
          R_PAREN@168..169 ")"
        POSTFIX_OP@169..170
          DOT@169..170 "."
        FIELD_ACCESS@170..176
          NAME@170..176
            IDENT@170..176 "member"
    SEMI@176..177 ";"
  NEWLINE@177..178 "\n"
  WHITESPACE@178..182 "    "
