---
source: crates/parser/src/test.rs
expression: try_it(source)
---
COMP_UNIT@0..86
  NEWLINE@0..1 "\n"
  WHITESPACE@1..5 "    "
  VAR_DEF@5..33
    LET_KW@5..8 "let"
    WHITESPACE@8..9 " "
    NAME@9..10
      IDENT@9..10 "a"
    COLON@10..11 ":"
    WHITESPACE@11..12 " "
    TYPE@12..20
      L_BRACK@12..13 "["
      TYPE@13..16
        PRIMIT_TYPE@13..16
          INT_KW@13..16 "i32"
      SEMI@16..17 ";"
      LITERAL@17..19
        WHITESPACE@17..18 " "
        INT_LITERAL@18..19 "3"
      R_BRACK@19..20 "]"
    WHITESPACE@20..21 " "
    EQ@21..22 "="
    INIT_VAL@22..32
      WHITESPACE@22..23 " "
      L_BRACE@23..24 "{"
      INIT_VAL@24..25
        LITERAL@24..25
          INT_LITERAL@24..25 "1"
      COMMA@25..26 ","
      INIT_VAL@26..28
        LITERAL@26..28
          WHITESPACE@26..27 " "
          INT_LITERAL@27..28 "2"
      COMMA@28..29 ","
      INIT_VAL@29..31
        LITERAL@29..31
          WHITESPACE@29..30 " "
          INT_LITERAL@30..31 "3"
      R_BRACE@31..32 "}"
    SEMI@32..33 ";"
  NEWLINE@33..34 "\n"
  WHITESPACE@34..38 "    "
  VAR_DEF@38..81
    LET_KW@38..41 "let"
    WHITESPACE@41..42 " "
    NAME@42..43
      IDENT@42..43 "b"
    COLON@43..44 ":"
    WHITESPACE@44..45 " "
    TYPE@45..58
      L_BRACK@45..46 "["
      TYPE@46..54
        L_BRACK@46..47 "["
        TYPE@47..50
          PRIMIT_TYPE@47..50
            INT_KW@47..50 "i32"
        SEMI@50..51 ";"
        LITERAL@51..53
          WHITESPACE@51..52 " "
          INT_LITERAL@52..53 "3"
        R_BRACK@53..54 "]"
      SEMI@54..55 ";"
      LITERAL@55..57
        WHITESPACE@55..56 " "
        INT_LITERAL@56..57 "2"
      R_BRACK@57..58 "]"
    WHITESPACE@58..59 " "
    EQ@59..60 "="
    INIT_VAL@60..80
      WHITESPACE@60..61 " "
      L_BRACE@61..62 "{"
      INIT_VAL@62..71
        L_BRACE@62..63 "{"
        INIT_VAL@63..64
          LITERAL@63..64
            INT_LITERAL@63..64 "1"
        COMMA@64..65 ","
        INIT_VAL@65..67
          LITERAL@65..67
            WHITESPACE@65..66 " "
            INT_LITERAL@66..67 "2"
        COMMA@67..68 ","
        INIT_VAL@68..70
          LITERAL@68..70
            WHITESPACE@68..69 " "
            INT_LITERAL@69..70 "3"
        R_BRACE@70..71 "}"
      COMMA@71..72 ","
      INIT_VAL@72..79
        WHITESPACE@72..73 " "
        L_BRACE@73..74 "{"
        INIT_VAL@74..75
          LITERAL@74..75
            INT_LITERAL@74..75 "4"
        COMMA@75..76 ","
        INIT_VAL@76..78
          LITERAL@76..78
            WHITESPACE@76..77 " "
            INT_LITERAL@77..78 "5"
        R_BRACE@78..79 "}"
      R_BRACE@79..80 "}"
    SEMI@80..81 ";"
  NEWLINE@81..82 "\n"
  WHITESPACE@82..86 "    "
