---
source: crates/parser/src/test.rs
expression: try_it(source)
---
COMP_UNIT@0..76
  NEWLINE@0..1 "\n"
  WHITESPACE@1..5 "    "
  FUNC_DEF@5..71
    FN_KW@5..7 "fn"
    NAME@7..12
      WHITESPACE@7..8 " "
      IDENT@8..12 "test"
    L_PAREN@12..13 "("
    R_PAREN@13..14 ")"
    BLOCK@14..71
      WHITESPACE@14..15 " "
      L_BRACE@15..16 "{"
      BLOCK@16..65
        NEWLINE@16..17 "\n"
        WHITESPACE@17..25 "        "
        L_BRACE@25..26 "{"
        VAR_DEF@26..55
          NEWLINE@26..27 "\n"
          WHITESPACE@27..39 "            "
          LET_KW@39..42 "let"
          NAME@42..49
            WHITESPACE@42..43 " "
            IDENT@43..49 "nested"
          COLON@49..50 ":"
          TYPE@50..54
            PRIMIT_TYPE@50..54
              WHITESPACE@50..51 " "
              INT_KW@51..54 "i32"
          SEMI@54..55 ";"
        NEWLINE@55..56 "\n"
        WHITESPACE@56..64 "        "
        R_BRACE@64..65 "}"
      NEWLINE@65..66 "\n"
      WHITESPACE@66..70 "    "
      R_BRACE@70..71 "}"
  NEWLINE@71..72 "\n"
  WHITESPACE@72..76 "    "
