---
source: crates/parser/src/test.rs
expression: try_it(source)
---
COMP_UNIT@0..78
  NEWLINE@0..1 "\n"
  WHITESPACE@1..5 "    "
  FUNC_DEF@5..73
    FN_KW@5..7 "fn"
    NAME@7..12
      WHITESPACE@7..8 " "
      IDENT@8..12 "test"
    L_PAREN@12..13 "("
    R_PAREN@13..14 ")"
    BLOCK@14..73
      WHITESPACE@14..15 " "
      L_BRACE@15..16 "{"
      ASSIGN_STMT@16..31
        INDEX_VAL@16..26
          NAME@16..26
            NEWLINE@16..17 "\n"
            WHITESPACE@17..25 "        "
            IDENT@25..26 "a"
        WHITESPACE@26..27 " "
        EQ@27..28 "="
        LITERAL@28..30
          WHITESPACE@28..29 " "
          INT_LITERAL@29..30 "1"
        SEMI@30..31 ";"
      ASSIGN_STMT@31..47
        UNARY_EXPR@31..42
          UNARY_OP@31..41
            NEWLINE@31..32 "\n"
            WHITESPACE@32..40 "        "
            STAR@40..41 "*"
          INDEX_VAL@41..42
            NAME@41..42
              IDENT@41..42 "p"
        WHITESPACE@42..43 " "
        EQ@43..44 "="
        LITERAL@44..46
          WHITESPACE@44..45 " "
          INT_LITERAL@45..46 "2"
        SEMI@46..47 ";"
      ASSIGN_STMT@47..67
        INDEX_VAL@47..62
          NAME@47..59
            NEWLINE@47..48 "\n"
            WHITESPACE@48..56 "        "
            IDENT@56..59 "arr"
          L_BRACK@59..60 "["
          LITERAL@60..61
            INT_LITERAL@60..61 "0"
          R_BRACK@61..62 "]"
        WHITESPACE@62..63 " "
        EQ@63..64 "="
        LITERAL@64..66
          WHITESPACE@64..65 " "
          INT_LITERAL@65..66 "3"
        SEMI@66..67 ";"
      NEWLINE@67..68 "\n"
      WHITESPACE@68..72 "    "
      R_BRACE@72..73 "}"
  NEWLINE@73..74 "\n"
  WHITESPACE@74..78 "    "
