---
source: crates/parser/src/test.rs
expression: try_it(source)
---
COMP_UNIT@0..182
  NEWLINE@0..1 "\n"
  WHITESPACE@1..5 "    "
  VAR_DEF@5..26
    LET_KW@5..8 "let"
    NAME@8..10
      WHITESPACE@8..9 " "
      IDENT@9..10 "x"
    COLON@10..11 ":"
    TYPE@11..15
      PRIMIT_TYPE@11..15
        WHITESPACE@11..12 " "
        INT_KW@12..15 "i32"
    WHITESPACE@15..16 " "
    EQ@16..17 "="
    INIT_VAL@17..25
      POSTFIX_EXPR@17..25
        INDEX_VAL@17..19
          NAME@17..19
            WHITESPACE@17..18 " "
            IDENT@18..19 "s"
        POSTFIX_OP@19..20
          DOT@19..20 "."
        FIELD_ACCESS@20..25
          NAME@20..25
            IDENT@20..25 "field"
    SEMI@25..26 ";"
  NEWLINE@26..27 "\n"
  WHITESPACE@27..31 "    "
  VAR_DEF@31..54
    LET_KW@31..34 "let"
    NAME@34..36
      WHITESPACE@34..35 " "
      IDENT@35..36 "y"
    COLON@36..37 ":"
    TYPE@37..41
      PRIMIT_TYPE@37..41
        WHITESPACE@37..38 " "
        INT_KW@38..41 "i32"
    WHITESPACE@41..42 " "
    EQ@42..43 "="
    INIT_VAL@43..53
      POSTFIX_EXPR@43..53
        INDEX_VAL@43..45
          NAME@43..45
            WHITESPACE@43..44 " "
            IDENT@44..45 "p"
        POSTFIX_OP@45..47
          ARROW@45..47 "->"
        FIELD_ACCESS@47..53
          NAME@47..53
            IDENT@47..53 "member"
    SEMI@53..54 ";"
  NEWLINE@54..55 "\n"
  WHITESPACE@55..59 "    "
  VAR_DEF@59..78
    LET_KW@59..62 "let"
    NAME@62..64
      WHITESPACE@62..63 " "
      IDENT@63..64 "z"
    COLON@64..65 ":"
    TYPE@65..69
      PRIMIT_TYPE@65..69
        WHITESPACE@65..66 " "
        INT_KW@66..69 "i32"
    WHITESPACE@69..70 " "
    EQ@70..71 "="
    INIT_VAL@71..77
      POSTFIX_EXPR@71..77
        POSTFIX_EXPR@71..75
          INDEX_VAL@71..73
            NAME@71..73
              WHITESPACE@71..72 " "
              IDENT@72..73 "s"
          POSTFIX_OP@73..74
            DOT@73..74 "."
          FIELD_ACCESS@74..75
            NAME@74..75
              IDENT@74..75 "a"
        POSTFIX_OP@75..76
          DOT@75..76 "."
        FIELD_ACCESS@76..77
          NAME@76..77
            IDENT@76..77 "b"
    SEMI@77..78 ";"
  NEWLINE@78..79 "\n"
  WHITESPACE@79..83 "    "
  VAR_DEF@83..104
    LET_KW@83..86 "let"
    NAME@86..88
      WHITESPACE@86..87 " "
      IDENT@87..88 "w"
    COLON@88..89 ":"
    TYPE@89..93
      PRIMIT_TYPE@89..93
        WHITESPACE@89..90 " "
        INT_KW@90..93 "i32"
    WHITESPACE@93..94 " "
    EQ@94..95 "="
    INIT_VAL@95..103
      POSTFIX_EXPR@95..103
        POSTFIX_EXPR@95..100
          INDEX_VAL@95..97
            NAME@95..97
              WHITESPACE@95..96 " "
              IDENT@96..97 "p"
          POSTFIX_OP@97..99
            ARROW@97..99 "->"
          FIELD_ACCESS@99..100
            NAME@99..100
              IDENT@99..100 "a"
        POSTFIX_OP@100..102
          ARROW@100..102 "->"
        FIELD_ACCESS@102..103
          NAME@102..103
            IDENT@102..103 "b"
    SEMI@103..104 ";"
  NEWLINE@104..105 "\n"
  WHITESPACE@105..109 "    "
  VAR_DEF@109..139
    LET_KW@109..112 "let"
    NAME@112..118
      WHITESPACE@112..113 " "
      IDENT@113..118 "mixed"
    COLON@118..119 ":"
    TYPE@119..123
      PRIMIT_TYPE@119..123
        WHITESPACE@119..120 " "
        INT_KW@120..123 "i32"
    WHITESPACE@123..124 " "
    EQ@124..125 "="
    INIT_VAL@125..138
      POSTFIX_EXPR@125..138
        INDEX_VAL@125..132
          NAME@125..129
            WHITESPACE@125..126 " "
            IDENT@126..129 "arr"
          L_BRACK@129..130 "["
          LITERAL@130..131
            INT_LITERAL@130..131 "0"
          R_BRACK@131..132 "]"
        POSTFIX_OP@132..133
          DOT@132..133 "."
        FIELD_ACCESS@133..138
          NAME@133..138
            IDENT@133..138 "field"
    SEMI@138..139 ";"
  NEWLINE@139..140 "\n"
  WHITESPACE@140..144 "    "
  VAR_DEF@144..177
    LET_KW@144..147 "let"
    NAME@147..155
      WHITESPACE@147..148 " "
      IDENT@148..155 "complex"
    COLON@155..156 ":"
    TYPE@156..160
      PRIMIT_TYPE@156..160
        WHITESPACE@156..157 " "
        INT_KW@157..160 "i32"
    WHITESPACE@160..161 " "
    EQ@161..162 "="
    INIT_VAL@162..176
      POSTFIX_EXPR@162..176
        CALL_EXPR@162..169
          NAME@162..167
            WHITESPACE@162..163 " "
            IDENT@163..167 "func"
          L_PAREN@167..168 "("
          R_PAREN@168..169 ")"
        POSTFIX_OP@169..170
          DOT@169..170 "."
        FIELD_ACCESS@170..176
          NAME@170..176
            IDENT@170..176 "member"
    SEMI@176..177 ";"
  NEWLINE@177..178 "\n"
  WHITESPACE@178..182 "    "
